// Jest Snapshot v1, https://goo.gl/fbAQLP

exports[`<App /> renders correctly 1`] = `
<View
  style={
    {
      "alignItems": "center",
      "backgroundColor": "#25292e",
      "flex": 1,
    }
  }
>
  <View
    style={
      {
        "flex": 1,
        "paddingTop": 58,
      }
    }
  >
    <Image
      source={1}
      style={
        {
          "borderRadius": 18,
          "height": 440,
          "width": 320,
        }
      }
    />
  </View>
  <View
    style={
      {
        "alignItems": "center",
        "flex": 0.3333333333333333,
      }
    }
  >
    <View
      style={
        [
          {
            "alignItems": "center",
            "height": 68,
            "justifyContent": "center",
            "marginHorizontal": 20,
            "padding": 3,
            "width": 320,
          },
          {
            "borderColor": "#ffd33d",
            "borderRadius": 18,
            "borderWidth": 4,
          },
        ]
      }
    >
      <View
        accessibilityState={
          {
            "busy": undefined,
            "checked": undefined,
            "disabled": undefined,
            "expanded": undefined,
            "selected": undefined,
          }
        }
        accessibilityValue={
          {
            "max": undefined,
            "min": undefined,
            "now": undefined,
            "text": undefined,
          }
        }
        accessible={true}
        collapsable={false}
        focusable={true}
        onBlur={[Function]}
        onClick={[Function]}
        onFocus={[Function]}
        onResponderGrant={[Function]}
        onResponderMove={[Function]}
        onResponderRelease={[Function]}
        onResponderTerminate={[Function]}
        onResponderTerminationRequest={[Function]}
        onStartShouldSetResponder={[Function]}
        style={
          [
            {
              "alignItems": "center",
              "borderRadius": 10,
              "flexDirection": "row",
              "height": "100%",
              "justifyContent": "center",
              "width": "100%",
            },
            {
              "backgroundColor": "#fff",
            },
          ]
        }
      >
        <Text
          allowFontScaling={false}
          selectable={false}
          style={
            [
              {
                "color": "#25292e",
                "fontSize": 18,
              },
              {
                "paddingRight": 8,
              },
              {
                "fontFamily": "FontAwesome",
                "fontStyle": "normal",
                "fontWeight": "normal",
              },
              {},
            ]
          }
        >
          ï€¾
        </Text>
        <Text
          style={
            [
              {
                "color": "#fff",
                "fontSize": 16,
              },
              {
                "color": "#25292e",
              },
            ]
          }
        >
          Choose a photo
        </Text>
      </View>
    </View>
    <View
      style={
        {
          "alignItems": "center",
          "height": 68,
          "justifyContent": "center",
          "marginHorizontal": 20,
          "padding": 3,
          "width": 320,
        }
      }
    >
      <View
        accessibilityState={
          {
            "busy": undefined,
            "checked": undefined,
            "disabled": undefined,
            "expanded": undefined,
            "selected": undefined,
          }
        }
        accessibilityValue={
          {
            "max": undefined,
            "min": undefined,
            "now": undefined,
            "text": undefined,
          }
        }
        accessible={true}
        collapsable={false}
        focusable={true}
        onBlur={[Function]}
        onClick={[Function]}
        onFocus={[Function]}
        onResponderGrant={[Function]}
        onResponderMove={[Function]}
        onResponderRelease={[Function]}
        onResponderTerminate={[Function]}
        onResponderTerminationRequest={[Function]}
        onStartShouldSetResponder={[Function]}
        style={
          {
            "alignItems": "center",
            "borderRadius": 10,
            "flexDirection": "row",
            "height": "100%",
            "justifyContent": "center",
            "width": "100%",
          }
        }
      >
        <Text
          style={
            {
              "color": "#fff",
              "fontSize": 16,
            }
          }
        >
          Use this photo
        </Text>
      </View>
    </View>
  </View>
</View>
`;
